(1 -1 "string" sym #t #f (Î» (a b c) ((+ a b c))))
