(201.100000 101.123450 98.900000 59.768000 220.000000 220.000000 90.909091 0.903153)
