(2.0000000000 1.5000000000 1.4166666667 1.4142156863 1.4142135624)
