(#t #f #t #t #f #f 1/2 0.7000000000 3/2 3/2 1/2 -1/2 -1/2 1/2 1/6 1/2 0.2500000000 3/2 1/6 0.7500000000 1/2 3/2 1/6)
