((car (quote (100 200 300))) "read expects a string argument" "read argument must contain exactly one form")
