(("hello" "world") ("hello" "universe") (list "hello" "amsterdam"))
