(1 -1 "string" sym #t #f (lambda (a b c) (+ a b c)))
