((1 2 (3 4 5)) (1 2) (lambda (b & rest) (list a b rest)))
